app/(tabs)/index.tsx(87,15): error TS2769: No overload matches this call.
  Overload 1 of 2, '(props: LinearGradientProps): LinearGradient', gave the following error.
    Type 'string[]' is not assignable to type 'readonly [ColorValue, ColorValue, ...ColorValue[]]'.
      Source provides no match for required element at position 0 in target.
  Overload 2 of 2, '(props: LinearGradientProps, context: any): LinearGradient', gave the following error.
    Type 'string[]' is not assignable to type 'readonly [ColorValue, ColorValue, ...ColorValue[]]'.
      Source provides no match for required element at position 0 in target.
